// Vitest Snapshot v1, https://vitest.dev/guide/snapshot.html

exports[`evidence query golden responses > keeps the inc_000006 follow-up answers stable 1`] = `
[
  {
    "evidenceSummary": {
      "logs": 5,
      "metrics": 2,
      "traces": 1,
    },
    "followups": [
      {
        "question": "What expected resilience signal is still missing during the incident?",
        "targetEvidenceKinds": [
          "logs",
        ],
      },
    ],
    "noAnswerReason": "LLM synthesis failed after retries. The evidence surfaces are available on the left, but a grounded answer could not be generated this time.",
    "question": "原因は？",
    "segments": [],
    "status": "no_answer",
  },
  {
    "evidenceSummary": {
      "logs": 5,
      "metrics": 2,
      "traces": 1,
    },
    "followups": [
      {
        "question": "What expected resilience signal is still missing during the incident?",
        "targetEvidenceKinds": [
          "logs",
        ],
      },
    ],
    "noAnswerReason": "LLM synthesis failed after retries. The evidence surfaces are available on the left, but a grounded answer could not be generated this time.",
    "question": "メトリクスに問題はあるか？",
    "segments": [],
    "status": "no_answer",
  },
  {
    "evidenceSummary": {
      "logs": 5,
      "metrics": 2,
      "traces": 1,
    },
    "followups": [
      {
        "question": "What expected resilience signal is still missing during the incident?",
        "targetEvidenceKinds": [
          "logs",
        ],
      },
    ],
    "noAnswerReason": "LLM synthesis failed after retries. The evidence surfaces are available on the left, but a grounded answer could not be generated this time.",
    "question": "根本原因は？",
    "segments": [],
    "status": "no_answer",
  },
  {
    "evidenceSummary": {
      "logs": 5,
      "metrics": 2,
      "traces": 1,
    },
    "followups": [
      {
        "question": "What expected resilience signal is still missing during the incident?",
        "targetEvidenceKinds": [
          "logs",
        ],
      },
    ],
    "noAnswerReason": "LLM synthesis failed after retries. The evidence surfaces are available on the left, but a grounded answer could not be generated this time.",
    "question": "こんにちは？",
    "segments": [],
    "status": "no_answer",
  },
]
`;
